INFO: [VRFC 10-163] Analyzing VHDL file "C:/faculta/SSC/project_444/project_444.ip_user_files/bd/design_1/ip/design_1_rst_ps7_0_50M_0/sim/design_1_rst_ps7_0_50M_0.vhd" into library xil_defaultlib
INFO: [VRFC 10-3107] analyzing entity 'design_1_rst_ps7_0_50M_0'
INFO: [VRFC 10-163] Analyzing VHDL file "C:/faculta/SSC/project_444/project_444.ip_user_files/bd/design_1/ipshared/df7a/hdl/ultimu_axi_slave_lite_v1_0_S00_AXI.vhd" into library xil_defaultlib
INFO: [VRFC 10-3107] analyzing entity 'ultimu_axi_slave_lite_v1_0_S00_AXI'
INFO: [VRFC 10-163] Analyzing VHDL file "C:/faculta/SSC/project_444/project_444.ip_user_files/bd/design_1/ipshared/df7a/hdl/ultimu_axi.vhd" into library xil_defaultlib
INFO: [VRFC 10-3107] analyzing entity 'ultimu_axi'
INFO: [VRFC 10-163] Analyzing VHDL file "C:/faculta/SSC/project_444/project_444.ip_user_files/bd/design_1/ip/design_1_ultimu_axi_0_1/sim/design_1_ultimu_axi_0_1.vhd" into library xil_defaultlib
INFO: [VRFC 10-3107] analyzing entity 'design_1_ultimu_axi_0_1'
INFO: [VRFC 10-163] Analyzing VHDL file "C:/faculta/SSC/project_444/project_444.srcs/sources_1/new/adunare_fast.vhd" into library xil_defaultlib
INFO: [VRFC 10-3107] analyzing entity 'adunare_fast'
INFO: [VRFC 10-163] Analyzing VHDL file "C:/faculta/SSC/project_444/project_444.srcs/sources_1/new/mul.vhd" into library xil_defaultlib
INFO: [VRFC 10-3107] analyzing entity 'mul'
INFO: [VRFC 10-163] Analyzing VHDL file "C:/faculta/SSC/project_444/project_444.srcs/sources_1/new/scadere.vhd" into library xil_defaultlib
INFO: [VRFC 10-3107] analyzing entity 'scadere'
INFO: [VRFC 10-163] Analyzing VHDL file "C:/faculta/SSC/project_444/project_444.srcs/sources_1/new/perceptron_top.vhd" into library xil_defaultlib
INFO: [VRFC 10-3107] analyzing entity 'perceptron_top'
INFO: [VRFC 10-163] Analyzing VHDL file "C:/faculta/SSC/project_444/project_444.ip_user_files/bd/design_1/sim/design_1.vhd" into library xil_defaultlib
INFO: [VRFC 10-3107] analyzing entity 's00_couplers_imp_UYSKKA'
INFO: [VRFC 10-3107] analyzing entity 'design_1_ps7_0_axi_periph_0'
INFO: [VRFC 10-3107] analyzing entity 'design_1'
INFO: [VRFC 10-163] Analyzing VHDL file "C:/faculta/SSC/project_444/project_444.gen/sources_1/bd/design_1/hdl/design_1_wrapper.vhd" into library xil_defaultlib
INFO: [VRFC 10-3107] analyzing entity 'design_1_wrapper'
INFO: [VRFC 10-163] Analyzing VHDL file "C:/faculta/SSC/project_444/project_444.srcs/sim_1/new/perceptron_tb.vhd" into library xil_defaultlib
INFO: [VRFC 10-3107] analyzing entity 'perceptron_tb'
